GAMS 47.5.0  d6b95593 Aug 29, 2024          WEX-WEI x86 64bit/MS Windows - 12/11/25 18:41:56 Page 1
Pump scheduling smallest
C o m p i l a t i o n


      version: 2.0
      author of this version: sofdem@gmail.com
      characteristics: 9-period model for free GAMS version
   7   
   8  *$offlisting
   9  * stops the echo print of the input file
  10  *$offsymxref
  11  * stops the print of a complete cros-reference list of symbols
  12  *option limcol = 0;
  13  * stops the print of the column listing
  14  *option limrow = 0;
  15  * stops the print of the equation listing
  16  *option solprint = off;
  17  * stop report solution
  18   
  19  Sets
  20       n          nodes      / s, j1, j2, r1, r2, r3, r4 /
  21       j(n)       junctions  / j1, j2 /
  22       r(n)       reservoirs / r1, r2, r3, r4 /
  23       l(n,n)     pipes      / s.j1, j1.j2, j1.r1, j1.r4, j2.r2, j2.r3 /
  24       t          1-hour periods / t1*t9 /
  25       night(t)   night periods  / t1*t4 /
  26       c          pump class   / small /
  27       d          pump number  / p1*p3 /
  28       k(c,d)     pump type    / small.p1*p3 /
  29  *on a 3 pompes qui s'appelent small.p1 et small.p2 ...
  30       degree     polynomial degrees / 0*2 /
  31   
  32   
  33       alias (n,np)
  34       alias (k,kp)
  35       alias (d,dp);
  36   
  37  display dp;
  38  display d;
  39  display c;
  40  display k;
  41  display night;
  42   
  43  Scalar
  44       height0      reference height at the source (m)      / 0 /
  45       tariffnight  electricity hourly tariff at night (euro.kWh^-1)  / 0.02916 /
  46       tariffday    electricity hourly tariff at day (euro.kWh^-1)    / 0.04609 /
  47   
  48  Parameter tariff(t)   electricity tariff;
  49      tariff(t)        = tariffday;
  50      tariff(night(t)) = tariffnight;
  51   
  52  display tariff;
  53  *overwrite le tarrif day pour t1-4
  54   
  55  Parameters
  56      height(n)   elevation at each node relative to s (m)
  57                  / s 0, j1 30, j2 30, r1 50, r2 50, r3 45, r4 35 /
  58  *display height; marche pas ici
  59      surface(r)  mean surface of each reservoir (m^2)
  60                  / r1 80, r2 80, r3 80, r4 80 /
  61   
  62      vmin(r)     minimal volume of each reservoir (m^3)
  63                  / r1 100, r2 100, r3 100, r4 100 /
  64  *en utilisant les indices un par un
  65   
  66      vmax(r)     maximal volume of each reservoir (m^3)
  67                  / r1 300, r2 300, r3 300, r4 300 /
  68   
  69  display height;
  70   
  71  Parameter vinit(r) initial volume of each reservoir;
  72      vinit(r) = vmin(r);
  73   
  74  * a polynomial is represented as the list of coefficients for each term degree
  75  Table psi(c,degree) quadratic fit of the service pressure (m) on the flow (m^3.h^-1) for each class of pumps
  76                    0              1            2
  77        small       63.0796        0            -0.0064085;
  78   
  79  Table gamma(c,degree) linear fit of the electrical power (kW) on the flow (m^3.h^-1) for each class of pumps
  80                    0              1
  81        small       3.81101     0.09627;
  82   
  83  Table demand(r,t) demand in water at each reservoir each hour (m^3)
  84       t1     t2    t3    t4     t5     t6    t7      t8      t9
  85  r1   9.83   5.0   3.67  6.5    5.67   7.5   3.0     3.0     2.0
  86  r2   44.83  18.0  0.0   0.0    0.0    0.0   0.0     45.0    51.67
  87  r3   14.0   13.33 25.5  11.0   10.0   10.0  11.0    10.33   30.17
  88  r4   1.0    1.0   8.5   9.5    4.0    2.33  0.0     1.0     0.83
  89   
  90  Table phi(n,n,degree) quadratic fit of the pressure loss (m) on the flow (m^3.h^-1) for each pipe
  91                  2               1
  92       s.j1       0.00005425      0.00038190
  93       j1.j2      0.00027996      0.00149576
  94       j1.r1      0.00089535      0.00340436
  95       j1.r4      0.00044768      0.00170218
  96       j2.r2      0.00223839      0.00851091
  97       j2.r3      0.00134303      0.00510655;
  98   
  99  *Variables, equations, model, solve
 100   
 101  Binary Variable
 102   
 103      x(c,d,t) etat pompe;
 104   
 105   
 106  Positive Variables
 107   
 108      q(c,d,r,t) flot dans la pompe k ou entrant ds le reservoir r en m3.h^-1
 109   
 110      v(r,t) volume d eau dans le reservoir r en m3;
 111   
 112  v.lo(r,t) = vmin(r);
 113  v.up(r,t) = vmax(r);
 114   
 115   
 116   
 117   
 118   
 119   
 120   
 121   
 122   
 123   
 124   
 125   
 126   
 127   
 128   
 129   
 130   
 131   
 132   
 133   
 134   
 135   
 136   
 137   
 138   
 139   
 140   
 141   
 142   
 143   
 144   
 145   
 146   
 147   
 148   
 149   
 150   
 151   


COMPILATION TIME     =        0.000 SECONDS      3 MB  47.5.0 d6b95593 WEX-WEI
GAMS 47.5.0  d6b95593 Aug 29, 2024          WEX-WEI x86 64bit/MS Windows - 12/11/25 18:41:56 Page 2
Pump scheduling smallest
E x e c u t i o n


----     37 SET dp  Aliased with d
p1,    p2,    p3


----     38 SET d  pump number

p1,    p2,    p3


----     39 SET c  pump class

small


----     40 SET k  pump type

               p1          p2          p3

small         YES         YES         YES


----     41 SET night  night periods

t1,    t2,    t3,    t4


----     52 PARAMETER tariff  electricity tariff

t1 0.029,    t2 0.029,    t3 0.029,    t4 0.029,    t5 0.046,    t6 0.046,    t7 0.046,    t8 0.046,    t9 0.046


----     69 PARAMETER height  elevation at each node relative to s (m)

j1 30.000,    j2 30.000,    r1 50.000,    r2 50.000,    r3 45.000,    r4 35.000



USER: Large MUD-20 User License                      G240920|0002AO-GEN
      Ecole des Mines de Paris, CMA                           DC4036-S3
      License for teaching and research at degree granting institutions


**** FILE SUMMARY

Input      C:\Users\fbazon\TP\Compte_rendus\TPGAMS\4WT_small.gms
Output     C:\Users\fbazon\TP\Compte_rendus\TPGAMS\4WT_small.lst
